[kinoar.github.io/rmmv-doc-web/index.html]
[backblue.gif]
[fade.gif]
[index.html]
[kinoar.github.io/rmmv-doc-web/assets/css/main.css]
[kinoar.github.io/rmmv-doc-web/globals.html]
[kinoar.github.io/rmmv-doc-web/modules/mv.html]
[kinoar.github.io/rmmv-doc-web/modules/rpg.html]
[kinoar.github.io/rmmv-doc-web/modules/_pixi_js_.html]
[kinoar.github.io/rmmv-doc-web/modules/pixi.html]
[kinoar.github.io/rmmv-doc-web/classes/bitmap.html]
[kinoar.github.io/rmmv-doc-web/classes/cacheentry.html]
[kinoar.github.io/rmmv-doc-web/classes/cachemap.html]
[kinoar.github.io/rmmv-doc-web/classes/datamanager.html]
[kinoar.github.io/rmmv-doc-web/classes/fpsmeter.html]
[kinoar.github.io/rmmv-doc-web/classes/game_action.html]
[kinoar.github.io/rmmv-doc-web/classes/game_actionresult.html]
[kinoar.github.io/rmmv-doc-web/classes/game_actor.html]
[kinoar.github.io/rmmv-doc-web/classes/game_actors.html]
[kinoar.github.io/rmmv-doc-web/classes/game_battler.html]
[kinoar.github.io/rmmv-doc-web/classes/game_battlerbase.html]
[kinoar.github.io/rmmv-doc-web/classes/game_character.html]
[kinoar.github.io/rmmv-doc-web/classes/game_characterbase.html]
[kinoar.github.io/rmmv-doc-web/classes/game_commonevent.html]
[kinoar.github.io/rmmv-doc-web/classes/game_enemy.html]
[kinoar.github.io/rmmv-doc-web/classes/game_event.html]
[kinoar.github.io/rmmv-doc-web/classes/game_follower.html]
[kinoar.github.io/rmmv-doc-web/classes/game_followers.html]
[kinoar.github.io/rmmv-doc-web/classes/game_interpreter.html]
[kinoar.github.io/rmmv-doc-web/classes/game_item.html]
[kinoar.github.io/rmmv-doc-web/classes/game_map.html]
[kinoar.github.io/rmmv-doc-web/classes/game_message.html]
[kinoar.github.io/rmmv-doc-web/classes/game_party.html]
[kinoar.github.io/rmmv-doc-web/classes/game_picture.html]
[kinoar.github.io/rmmv-doc-web/classes/game_player.html]
[kinoar.github.io/rmmv-doc-web/classes/game_screen.html]
[kinoar.github.io/rmmv-doc-web/classes/game_selfswitches.html]
[kinoar.github.io/rmmv-doc-web/classes/game_switches.html]
[kinoar.github.io/rmmv-doc-web/classes/game_system.html]
[kinoar.github.io/rmmv-doc-web/classes/game_temp.html]
[kinoar.github.io/rmmv-doc-web/classes/game_timer.html]
[kinoar.github.io/rmmv-doc-web/classes/game_troop.html]
[kinoar.github.io/rmmv-doc-web/classes/game_unit.html]
[kinoar.github.io/rmmv-doc-web/classes/game_variables.html]
[kinoar.github.io/rmmv-doc-web/classes/game_vehicle.html]
[kinoar.github.io/rmmv-doc-web/classes/jsextensions.html]
[kinoar.github.io/rmmv-doc-web/classes/point.html]
[kinoar.github.io/rmmv-doc-web/classes/rectangle.html]
[kinoar.github.io/rmmv-doc-web/classes/scene_base.html]
[kinoar.github.io/rmmv-doc-web/classes/scene_battle.html]
[kinoar.github.io/rmmv-doc-web/classes/scene_boot.html]
[kinoar.github.io/rmmv-doc-web/classes/scene_debug.html]
[kinoar.github.io/rmmv-doc-web/classes/scene_equip.html]
[kinoar.github.io/rmmv-doc-web/classes/scene_file.html]
[kinoar.github.io/rmmv-doc-web/classes/scene_gameend.html]
[kinoar.github.io/rmmv-doc-web/classes/scene_gameover.html]
[kinoar.github.io/rmmv-doc-web/classes/scene_item.html]
[kinoar.github.io/rmmv-doc-web/classes/scene_itembase.html]
[kinoar.github.io/rmmv-doc-web/classes/scene_load.html]
[kinoar.github.io/rmmv-doc-web/classes/scene_map.html]
[kinoar.github.io/rmmv-doc-web/classes/scene_menu.html]
[kinoar.github.io/rmmv-doc-web/classes/scene_menubase.html]
[kinoar.github.io/rmmv-doc-web/classes/scene_name.html]
[kinoar.github.io/rmmv-doc-web/classes/scene_options.html]
[kinoar.github.io/rmmv-doc-web/classes/scene_save.html]
[kinoar.github.io/rmmv-doc-web/classes/scene_shop.html]
[kinoar.github.io/rmmv-doc-web/classes/scene_skill.html]
[kinoar.github.io/rmmv-doc-web/classes/scene_status.html]
[kinoar.github.io/rmmv-doc-web/classes/scene_title.html]
[kinoar.github.io/rmmv-doc-web/classes/screensprite.html]
[kinoar.github.io/rmmv-doc-web/classes/shadertilemap.html]
[kinoar.github.io/rmmv-doc-web/classes/sprite.html]
[kinoar.github.io/rmmv-doc-web/classes/sprite_actor.html]
[kinoar.github.io/rmmv-doc-web/classes/sprite_animation.html]
[kinoar.github.io/rmmv-doc-web/classes/sprite_balloon.html]
[kinoar.github.io/rmmv-doc-web/classes/sprite_base.html]
[kinoar.github.io/rmmv-doc-web/classes/sprite_battler.html]
[kinoar.github.io/rmmv-doc-web/classes/sprite_button.html]
[kinoar.github.io/rmmv-doc-web/classes/sprite_character.html]
[kinoar.github.io/rmmv-doc-web/classes/sprite_damage.html]
[kinoar.github.io/rmmv-doc-web/classes/sprite_destination.html]
[kinoar.github.io/rmmv-doc-web/classes/sprite_enemy.html]
[kinoar.github.io/rmmv-doc-web/classes/sprite_picture.html]
[kinoar.github.io/rmmv-doc-web/classes/sprite_stateicon.html]
[kinoar.github.io/rmmv-doc-web/classes/sprite_stateoverlay.html]
[kinoar.github.io/rmmv-doc-web/classes/sprite_timer.html]
[kinoar.github.io/rmmv-doc-web/classes/sprite_weapon.html]
[kinoar.github.io/rmmv-doc-web/classes/spriteset_base.html]
[kinoar.github.io/rmmv-doc-web/classes/spriteset_battle.html]
[kinoar.github.io/rmmv-doc-web/classes/spriteset_map.html]
[kinoar.github.io/rmmv-doc-web/classes/stage.html]
[kinoar.github.io/rmmv-doc-web/classes/tilemap.html]
[kinoar.github.io/rmmv-doc-web/classes/tilingsprite.html]
[kinoar.github.io/rmmv-doc-web/classes/tonefilter.html]
[kinoar.github.io/rmmv-doc-web/classes/tonesprite.html]
[kinoar.github.io/rmmv-doc-web/classes/weather.html]
[kinoar.github.io/rmmv-doc-web/classes/webaudio.html]
[kinoar.github.io/rmmv-doc-web/classes/windowlayer.html]
[kinoar.github.io/rmmv-doc-web/classes/window_actorcommand.html]
[kinoar.github.io/rmmv-doc-web/classes/window_base.html]
[kinoar.github.io/rmmv-doc-web/classes/window_battleactor.html]
[kinoar.github.io/rmmv-doc-web/classes/window_battleenemy.html]
[kinoar.github.io/rmmv-doc-web/classes/window_battleitem.html]
[kinoar.github.io/rmmv-doc-web/classes/window_battlelog.html]
[kinoar.github.io/rmmv-doc-web/classes/window_battleskill.html]
[kinoar.github.io/rmmv-doc-web/classes/window_battlestatus.html]
[kinoar.github.io/rmmv-doc-web/classes/window_choicelist.html]
[kinoar.github.io/rmmv-doc-web/classes/window_command.html]
[kinoar.github.io/rmmv-doc-web/classes/window_debugedit.html]
[kinoar.github.io/rmmv-doc-web/classes/window_debugrange.html]
[kinoar.github.io/rmmv-doc-web/classes/window_equipcommand.html]
[kinoar.github.io/rmmv-doc-web/classes/window_equipitem.html]
[kinoar.github.io/rmmv-doc-web/classes/window_equipslot.html]
[kinoar.github.io/rmmv-doc-web/classes/window_equipstatus.html]
[kinoar.github.io/rmmv-doc-web/classes/window_eventitem.html]
[kinoar.github.io/rmmv-doc-web/classes/window_gameend.html]
[kinoar.github.io/rmmv-doc-web/classes/window_gold.html]
[kinoar.github.io/rmmv-doc-web/classes/window_help.html]
[kinoar.github.io/rmmv-doc-web/classes/window_horzcommand.html]
[kinoar.github.io/rmmv-doc-web/classes/window_itemcategory.html]
[kinoar.github.io/rmmv-doc-web/classes/window_itemlist.html]
[kinoar.github.io/rmmv-doc-web/classes/window_mapname.html]
[kinoar.github.io/rmmv-doc-web/classes/window_menuactor.html]
[kinoar.github.io/rmmv-doc-web/classes/window_menucommand.html]
[kinoar.github.io/rmmv-doc-web/classes/window_menustatus.html]
[kinoar.github.io/rmmv-doc-web/classes/window_message.html]
[kinoar.github.io/rmmv-doc-web/classes/window_nameedit.html]
[kinoar.github.io/rmmv-doc-web/classes/window_nameinput.html]
[kinoar.github.io/rmmv-doc-web/classes/window_numberinput.html]
[kinoar.github.io/rmmv-doc-web/classes/window_options.html]
[kinoar.github.io/rmmv-doc-web/classes/window_partycommand.html]
[kinoar.github.io/rmmv-doc-web/classes/window_savefilelist.html]
[kinoar.github.io/rmmv-doc-web/classes/window_scrolltext.html]
[kinoar.github.io/rmmv-doc-web/classes/window_selectable.html]
[kinoar.github.io/rmmv-doc-web/classes/window_shopbuy.html]
[kinoar.github.io/rmmv-doc-web/classes/window_shopcommand.html]
[kinoar.github.io/rmmv-doc-web/classes/window_shopnumber.html]
[kinoar.github.io/rmmv-doc-web/classes/window_shopsell.html]
[kinoar.github.io/rmmv-doc-web/classes/window_shopstatus.html]
[kinoar.github.io/rmmv-doc-web/classes/window_skilllist.html]
[kinoar.github.io/rmmv-doc-web/classes/window_skillstatus.html]
[kinoar.github.io/rmmv-doc-web/classes/window_skilltype.html]
[kinoar.github.io/rmmv-doc-web/classes/window_status.html]
[kinoar.github.io/rmmv-doc-web/classes/window_titlecommand.html]
[kinoar.github.io/rmmv-doc-web/classes/_window.html]
[kinoar.github.io/rmmv-doc-web/interfaces/array.html]
[kinoar.github.io/rmmv-doc-web/interfaces/audiomanagerstatic.html]
[kinoar.github.io/rmmv-doc-web/interfaces/battlemanagerstatic.html]
[kinoar.github.io/rmmv-doc-web/interfaces/configmanagerstatic.html]
[kinoar.github.io/rmmv-doc-web/interfaces/decrypterstatic.html]
[kinoar.github.io/rmmv-doc-web/interfaces/fpsmeteroptions.html]
[kinoar.github.io/rmmv-doc-web/interfaces/graphicsstatic.html]
[kinoar.github.io/rmmv-doc-web/interfaces/html5audiostatic.html]
[kinoar.github.io/rmmv-doc-web/interfaces/imagemanagerstatic.html]
[kinoar.github.io/rmmv-doc-web/interfaces/inputstatic.html]
[kinoar.github.io/rmmv-doc-web/interfaces/jsonexstatic.html]
[kinoar.github.io/rmmv-doc-web/interfaces/lzstringstatic.html]
[kinoar.github.io/rmmv-doc-web/interfaces/math.html]
[kinoar.github.io/rmmv-doc-web/interfaces/number.html]
[kinoar.github.io/rmmv-doc-web/interfaces/pluginmanagerstatic.html]
[kinoar.github.io/rmmv-doc-web/interfaces/scenemanagerstatic.html]
[kinoar.github.io/rmmv-doc-web/interfaces/soundmanagerstatic.html]
[kinoar.github.io/rmmv-doc-web/interfaces/storagemanagerstatic.html]
[kinoar.github.io/rmmv-doc-web/interfaces/string.html]
[kinoar.github.io/rmmv-doc-web/interfaces/textmanagerstatic.html]
[kinoar.github.io/rmmv-doc-web/interfaces/touchinputstatic.html]
[kinoar.github.io/rmmv-doc-web/interfaces/utilsstatic.html]
[kinoar.github.io/rmmv-doc-web/assets/js/main.js]
[kinoar.github.io/rmmv-doc-web/index.html]
[kinoar.github.io/rmmv-doc-web/assets/js/search.js]
[kinoar.github.io/rmmv-doc-web/assets/images/icons.png]
[kinoar.github.io/rmmv-doc-web/assets/images/icons@2x.png]
[kinoar.github.io/rmmv-doc-web/assets/images/widgets.png]
[kinoar.github.io/rmmv-doc-web/assets/images/widgets@2x.png]
[kinoar.github.io/rmmv-doc-web/assets/css/main.css]
[kinoar.github.io/rmmv-doc-web/interfaces/rpg.actor.html]
[kinoar.github.io/rmmv-doc-web/modules/rpg.animation.html]
[kinoar.github.io/rmmv-doc-web/interfaces/rpg.armor.html]
[kinoar.github.io/rmmv-doc-web/modules/rpg.class.html]
[kinoar.github.io/rmmv-doc-web/interfaces/rpg.commonevent.html]
[kinoar.github.io/rmmv-doc-web/modules/rpg.enemy.html]
[kinoar.github.io/rmmv-doc-web/interfaces/rpg.item.html]
[kinoar.github.io/rmmv-doc-web/modules/rpg.map.html]
[kinoar.github.io/rmmv-doc-web/interfaces/rpg.mapinfo.html]
[kinoar.github.io/rmmv-doc-web/interfaces/rpg.skill.html]
[kinoar.github.io/rmmv-doc-web/interfaces/rpg.state.html]
[kinoar.github.io/rmmv-doc-web/modules/rpg.system.html]
[kinoar.github.io/rmmv-doc-web/interfaces/rpg.tileset.html]
[kinoar.github.io/rmmv-doc-web/modules/rpg.troop.html]
[kinoar.github.io/rmmv-doc-web/interfaces/rpg.weapon.html]
[kinoar.github.io/rmmv-doc-web/interfaces/rpg.eventcommand.html]
[kinoar.github.io/rmmv-doc-web/globals.html]
[kinoar.github.io/rmmv-doc-web/interfaces/mv.audioparameters.html]
[kinoar.github.io/rmmv-doc-web/interfaces/mv.battlelogmethod.html]
[kinoar.github.io/rmmv-doc-web/interfaces/mv.battlerewards.html]
[kinoar.github.io/rmmv-doc-web/interfaces/mv.battleranimation.html]
[kinoar.github.io/rmmv-doc-web/interfaces/mv.commanditem.html]
[kinoar.github.io/rmmv-doc-web/interfaces/mv.configdata.html]
[kinoar.github.io/rmmv-doc-web/interfaces/mv.databasefile.html]
[kinoar.github.io/rmmv-doc-web/interfaces/mv.matrix.html]
[kinoar.github.io/rmmv-doc-web/interfaces/mv.motion.html]
[kinoar.github.io/rmmv-doc-web/interfaces/mv.pluginsettings.html]
[kinoar.github.io/rmmv-doc-web/interfaces/mv.savecontents.html]
[kinoar.github.io/rmmv-doc-web/interfaces/mv.savefileinfo.html]
[kinoar.github.io/rmmv-doc-web/interfaces/mv.textstate.html]
[kinoar.github.io/rmmv-doc-web/interfaces/mv.touchinputevents.html]
[kinoar.github.io/rmmv-doc-web/modules/mv.html]
[kinoar.github.io/rmmv-doc-web/modules/rpg.battleeventpage.html]
[kinoar.github.io/rmmv-doc-web/modules/rpg.eventpage.html]
[kinoar.github.io/rmmv-doc-web/interfaces/rpg.audiofile.html]
[kinoar.github.io/rmmv-doc-web/interfaces/rpg.baseitem.html]
[kinoar.github.io/rmmv-doc-web/interfaces/rpg.damage.html]
[kinoar.github.io/rmmv-doc-web/interfaces/rpg.effect.html]
[kinoar.github.io/rmmv-doc-web/interfaces/rpg.equipitem.html]
[kinoar.github.io/rmmv-doc-web/interfaces/rpg.event.html]
[kinoar.github.io/rmmv-doc-web/interfaces/rpg.metadata.html]
[kinoar.github.io/rmmv-doc-web/interfaces/rpg.movecommand.html]
[kinoar.github.io/rmmv-doc-web/interfaces/rpg.moveroute.html]
[kinoar.github.io/rmmv-doc-web/interfaces/rpg.trait.html]
[kinoar.github.io/rmmv-doc-web/interfaces/rpg.usableitem.html]
[kinoar.github.io/rmmv-doc-web/modules/rpg.html]
[kinoar.github.io/rmmv-doc-web/modules/_pixi_js_.html]
[kinoar.github.io/rmmv-doc-web/modules/pixi.glcore.html]
[kinoar.github.io/rmmv-doc-web/modules/pixi.const.html]
[kinoar.github.io/rmmv-doc-web/modules/pixi.canvastinter.html]
[kinoar.github.io/rmmv-doc-web/modules/pixi.groupd8.html]
[kinoar.github.io/rmmv-doc-web/modules/pixi.accessibility.html]
[kinoar.github.io/rmmv-doc-web/modules/pixi.core.html]
[kinoar.github.io/rmmv-doc-web/modules/pixi.extract.html]
[kinoar.github.io/rmmv-doc-web/modules/pixi.extras.html]
[kinoar.github.io/rmmv-doc-web/modules/pixi.filters.html]
[kinoar.github.io/rmmv-doc-web/modules/pixi.interaction.html]
[kinoar.github.io/rmmv-doc-web/modules/pixi.loaders.html]
[kinoar.github.io/rmmv-doc-web/modules/pixi.mesh.html]
[kinoar.github.io/rmmv-doc-web/modules/pixi.particles.html]
[kinoar.github.io/rmmv-doc-web/modules/pixi.prepare.html]
[kinoar.github.io/rmmv-doc-web/modules/pixi.settings.html]
[kinoar.github.io/rmmv-doc-web/modules/pixi.ticker.html]
[kinoar.github.io/rmmv-doc-web/modules/pixi.utils.html]
[kinoar.github.io/rmmv-doc-web/modules/pixi.html]
[kinoar.github.io/rmmv-doc-web/classes/pixi.basetexture.html]
[kinoar.github.io/rmmv-doc-web/classes/bitmap.html]
[kinoar.github.io/rmmv-doc-web/classes/cacheentry.html]
[kinoar.github.io/rmmv-doc-web/classes/cachemap.html]
[kinoar.github.io/rmmv-doc-web/classes/datamanager.html]
[kinoar.github.io/rmmv-doc-web/classes/fpsmeter.html]
[kinoar.github.io/rmmv-doc-web/interfaces/rpg.enemy.action.html]
[kinoar.github.io/rmmv-doc-web/classes/game_action.html]
[kinoar.github.io/rmmv-doc-web/classes/game_actionresult.html]
[kinoar.github.io/rmmv-doc-web/classes/game_actor.html]
[kinoar.github.io/rmmv-doc-web/classes/game_actors.html]
[kinoar.github.io/rmmv-doc-web/classes/game_battler.html]
[kinoar.github.io/rmmv-doc-web/classes/game_battlerbase.html]
[kinoar.github.io/rmmv-doc-web/classes/game_character.html]
[kinoar.github.io/rmmv-doc-web/classes/game_characterbase.html]
[kinoar.github.io/rmmv-doc-web/classes/game_commonevent.html]
[kinoar.github.io/rmmv-doc-web/classes/game_enemy.html]
[kinoar.github.io/rmmv-doc-web/classes/game_event.html]
[kinoar.github.io/rmmv-doc-web/classes/game_follower.html]
[kinoar.github.io/rmmv-doc-web/classes/game_followers.html]
[kinoar.github.io/rmmv-doc-web/classes/game_interpreter.html]
[kinoar.github.io/rmmv-doc-web/classes/game_item.html]
[kinoar.github.io/rmmv-doc-web/interfaces/rpg.map.encounter.html]
[kinoar.github.io/rmmv-doc-web/classes/game_map.html]
[kinoar.github.io/rmmv-doc-web/classes/game_message.html]
[kinoar.github.io/rmmv-doc-web/classes/game_party.html]
[kinoar.github.io/rmmv-doc-web/classes/game_picture.html]
[kinoar.github.io/rmmv-doc-web/classes/game_player.html]
[kinoar.github.io/rmmv-doc-web/classes/game_screen.html]
[kinoar.github.io/rmmv-doc-web/classes/game_selfswitches.html]
[kinoar.github.io/rmmv-doc-web/classes/game_switches.html]
[kinoar.github.io/rmmv-doc-web/classes/game_system.html]
[kinoar.github.io/rmmv-doc-web/classes/game_temp.html]
[kinoar.github.io/rmmv-doc-web/classes/game_timer.html]
[kinoar.github.io/rmmv-doc-web/classes/game_troop.html]
[kinoar.github.io/rmmv-doc-web/classes/game_unit.html]
[kinoar.github.io/rmmv-doc-web/classes/game_variables.html]
[kinoar.github.io/rmmv-doc-web/interfaces/rpg.system.vehicle.html]
[kinoar.github.io/rmmv-doc-web/classes/game_vehicle.html]
[kinoar.github.io/rmmv-doc-web/classes/jsextensions.html]
[kinoar.github.io/rmmv-doc-web/classes/pixi.point.html]
[kinoar.github.io/rmmv-doc-web/classes/point.html]
[kinoar.github.io/rmmv-doc-web/classes/pixi.pointlike.html]
[kinoar.github.io/rmmv-doc-web/classes/pixi.rectangle.html]
[kinoar.github.io/rmmv-doc-web/classes/rectangle.html]
[kinoar.github.io/rmmv-doc-web/interfaces/pixi.interaction.interactivetarget.html]
[kinoar.github.io/rmmv-doc-web/interfaces/pixi.accessibility.accessibletarget.html]
[kinoar.github.io/rmmv-doc-web/classes/pixi.utils.eventemitter.html]
[kinoar.github.io/rmmv-doc-web/classes/pixi.bounds.html]
[kinoar.github.io/rmmv-doc-web/classes/pixi.displayobject.html]
[kinoar.github.io/rmmv-doc-web/classes/pixi.filter.html]
[kinoar.github.io/rmmv-doc-web/classes/pixi.graphics.html]
[kinoar.github.io/rmmv-doc-web/classes/pixi.sprite.html]
[kinoar.github.io/rmmv-doc-web/classes/pixi.container.html]
[kinoar.github.io/rmmv-doc-web/classes/pixi.circle.html]
[kinoar.github.io/rmmv-doc-web/classes/pixi.ellipse.html]
[kinoar.github.io/rmmv-doc-web/classes/pixi.polygon.html]
[kinoar.github.io/rmmv-doc-web/classes/pixi.roundedrectangle.html]
[kinoar.github.io/rmmv-doc-web/classes/pixi.matrix.html]
[kinoar.github.io/rmmv-doc-web/classes/pixi.observablepoint.html]
[kinoar.github.io/rmmv-doc-web/classes/pixi.transformbase.html]
[kinoar.github.io/rmmv-doc-web/classes/pixi.webglrenderer.html]
[kinoar.github.io/rmmv-doc-web/classes/pixi.canvasrenderer.html]
[kinoar.github.io/rmmv-doc-web/interfaces/pixi.interaction.interactionevent.html]
[kinoar.github.io/rmmv-doc-web/interfaces/pixi.destroyoptions.html]
[kinoar.github.io/rmmv-doc-web/interfaces/pixi.interaction.interactiontrackingdata.html]
[kinoar.github.io/rmmv-doc-web/classes/scene_base.html]
[kinoar.github.io/rmmv-doc-web/classes/scene_battle.html]
[kinoar.github.io/rmmv-doc-web/classes/scene_boot.html]
[kinoar.github.io/rmmv-doc-web/classes/scene_debug.html]
[kinoar.github.io/rmmv-doc-web/classes/scene_equip.html]
[kinoar.github.io/rmmv-doc-web/classes/scene_file.html]
[kinoar.github.io/rmmv-doc-web/classes/scene_gameend.html]
[kinoar.github.io/rmmv-doc-web/classes/scene_gameover.html]
[kinoar.github.io/rmmv-doc-web/classes/scene_item.html]
[kinoar.github.io/rmmv-doc-web/classes/scene_itembase.html]
[kinoar.github.io/rmmv-doc-web/classes/scene_load.html]
[kinoar.github.io/rmmv-doc-web/classes/scene_map.html]
[kinoar.github.io/rmmv-doc-web/classes/scene_menu.html]
[kinoar.github.io/rmmv-doc-web/classes/scene_menubase.html]
[kinoar.github.io/rmmv-doc-web/classes/scene_name.html]
[kinoar.github.io/rmmv-doc-web/classes/scene_options.html]
[kinoar.github.io/rmmv-doc-web/classes/scene_save.html]
[kinoar.github.io/rmmv-doc-web/classes/scene_shop.html]
[kinoar.github.io/rmmv-doc-web/classes/scene_skill.html]
[kinoar.github.io/rmmv-doc-web/classes/scene_status.html]
[kinoar.github.io/rmmv-doc-web/classes/scene_title.html]
[kinoar.github.io/rmmv-doc-web/classes/pixi.texture.html]
[kinoar.github.io/rmmv-doc-web/classes/screensprite.html]
[kinoar.github.io/rmmv-doc-web/classes/pixi.systemrenderer.html]
[kinoar.github.io/rmmv-doc-web/classes/shadertilemap.html]
[kinoar.github.io/rmmv-doc-web/classes/sprite.html]
[kinoar.github.io/rmmv-doc-web/classes/sprite_actor.html]
[kinoar.github.io/rmmv-doc-web/interfaces/rpg.animation.timing.html]
[kinoar.github.io/rmmv-doc-web/classes/sprite_animation.html]
[kinoar.github.io/rmmv-doc-web/classes/sprite_balloon.html]
[kinoar.github.io/rmmv-doc-web/classes/sprite_base.html]
[kinoar.github.io/rmmv-doc-web/classes/sprite_battler.html]
[kinoar.github.io/rmmv-doc-web/classes/sprite_button.html]
[kinoar.github.io/rmmv-doc-web/classes/sprite_character.html]
[kinoar.github.io/rmmv-doc-web/classes/sprite_damage.html]
[kinoar.github.io/rmmv-doc-web/classes/sprite_destination.html]
[kinoar.github.io/rmmv-doc-web/classes/sprite_enemy.html]
[kinoar.github.io/rmmv-doc-web/classes/sprite_picture.html]
[kinoar.github.io/rmmv-doc-web/classes/sprite_stateicon.html]
[kinoar.github.io/rmmv-doc-web/classes/sprite_stateoverlay.html]
[kinoar.github.io/rmmv-doc-web/classes/sprite_timer.html]
[kinoar.github.io/rmmv-doc-web/classes/sprite_weapon.html]
[kinoar.github.io/rmmv-doc-web/classes/spriteset_base.html]
[kinoar.github.io/rmmv-doc-web/classes/spriteset_battle.html]
[kinoar.github.io/rmmv-doc-web/classes/spriteset_map.html]
[kinoar.github.io/rmmv-doc-web/classes/stage.html]
[kinoar.github.io/rmmv-doc-web/classes/tilemap.html]
[kinoar.github.io/rmmv-doc-web/classes/pixi.extras.tilingsprite.html]
[kinoar.github.io/rmmv-doc-web/classes/pixi.transformstatic.html]
[kinoar.github.io/rmmv-doc-web/classes/pixi.extras.texturetransform.html]
[kinoar.github.io/rmmv-doc-web/classes/tilingsprite.html]
[kinoar.github.io/rmmv-doc-web/classes/pixi.filters.colormatrixfilter.html]
[kinoar.github.io/rmmv-doc-web/interfaces/pixi.uniformdata.html]
[kinoar.github.io/rmmv-doc-web/classes/pixi.filtermanager.html]
[kinoar.github.io/rmmv-doc-web/classes/pixi.rendertarget.html]
[kinoar.github.io/rmmv-doc-web/classes/tonefilter.html]
[kinoar.github.io/rmmv-doc-web/classes/tonesprite.html]
[kinoar.github.io/rmmv-doc-web/classes/weather.html]
[kinoar.github.io/rmmv-doc-web/classes/webaudio.html]
[kinoar.github.io/rmmv-doc-web/classes/windowlayer.html]
[kinoar.github.io/rmmv-doc-web/classes/window_actorcommand.html]
[kinoar.github.io/rmmv-doc-web/classes/window_base.html]
[kinoar.github.io/rmmv-doc-web/classes/window_battleactor.html]
[kinoar.github.io/rmmv-doc-web/classes/window_battleenemy.html]
[kinoar.github.io/rmmv-doc-web/classes/window_battleitem.html]
[kinoar.github.io/rmmv-doc-web/classes/window_battlelog.html]
[kinoar.github.io/rmmv-doc-web/classes/window_battleskill.html]
[kinoar.github.io/rmmv-doc-web/classes/window_battlestatus.html]
[kinoar.github.io/rmmv-doc-web/classes/window_choicelist.html]
[kinoar.github.io/rmmv-doc-web/classes/window_command.html]
[kinoar.github.io/rmmv-doc-web/classes/window_debugedit.html]
[kinoar.github.io/rmmv-doc-web/classes/window_debugrange.html]
[kinoar.github.io/rmmv-doc-web/classes/window_equipcommand.html]
[kinoar.github.io/rmmv-doc-web/classes/window_equipitem.html]
[kinoar.github.io/rmmv-doc-web/classes/window_equipslot.html]
[kinoar.github.io/rmmv-doc-web/classes/window_equipstatus.html]
[kinoar.github.io/rmmv-doc-web/classes/window_eventitem.html]
[kinoar.github.io/rmmv-doc-web/classes/window_gameend.html]
[kinoar.github.io/rmmv-doc-web/classes/window_gold.html]
[kinoar.github.io/rmmv-doc-web/classes/window_help.html]
[kinoar.github.io/rmmv-doc-web/classes/window_horzcommand.html]
[kinoar.github.io/rmmv-doc-web/classes/window_itemcategory.html]
[kinoar.github.io/rmmv-doc-web/classes/window_itemlist.html]
[kinoar.github.io/rmmv-doc-web/classes/window_mapname.html]
[kinoar.github.io/rmmv-doc-web/classes/window_menuactor.html]
[kinoar.github.io/rmmv-doc-web/classes/window_menucommand.html]
[kinoar.github.io/rmmv-doc-web/classes/window_menustatus.html]
[kinoar.github.io/rmmv-doc-web/classes/window_message.html]
[kinoar.github.io/rmmv-doc-web/classes/window_nameedit.html]
[kinoar.github.io/rmmv-doc-web/classes/window_nameinput.html]
[kinoar.github.io/rmmv-doc-web/classes/window_numberinput.html]
[kinoar.github.io/rmmv-doc-web/classes/window_options.html]
[kinoar.github.io/rmmv-doc-web/classes/window_partycommand.html]
[kinoar.github.io/rmmv-doc-web/classes/window_savefilelist.html]
[kinoar.github.io/rmmv-doc-web/classes/window_scrolltext.html]
[kinoar.github.io/rmmv-doc-web/classes/window_selectable.html]
[kinoar.github.io/rmmv-doc-web/classes/window_shopbuy.html]
[kinoar.github.io/rmmv-doc-web/classes/window_shopcommand.html]
[kinoar.github.io/rmmv-doc-web/classes/window_shopnumber.html]
[kinoar.github.io/rmmv-doc-web/classes/window_shopsell.html]
[kinoar.github.io/rmmv-doc-web/classes/window_shopstatus.html]
[kinoar.github.io/rmmv-doc-web/classes/window_skilllist.html]
[kinoar.github.io/rmmv-doc-web/classes/window_skillstatus.html]
[kinoar.github.io/rmmv-doc-web/classes/window_skilltype.html]
[kinoar.github.io/rmmv-doc-web/classes/window_status.html]
[kinoar.github.io/rmmv-doc-web/classes/window_titlecommand.html]
[kinoar.github.io/rmmv-doc-web/classes/_window.html]
[kinoar.github.io/rmmv-doc-web/interfaces/array.html]
[kinoar.github.io/rmmv-doc-web/interfaces/audiomanagerstatic.html]
[kinoar.github.io/rmmv-doc-web/interfaces/battlemanagerstatic.html]
[kinoar.github.io/rmmv-doc-web/interfaces/configmanagerstatic.html]
[kinoar.github.io/rmmv-doc-web/interfaces/decrypterstatic.html]
[kinoar.github.io/rmmv-doc-web/interfaces/fpsmeteroptions.html]
[kinoar.github.io/rmmv-doc-web/interfaces/graphicsstatic.html]
[kinoar.github.io/rmmv-doc-web/interfaces/html5audiostatic.html]
[kinoar.github.io/rmmv-doc-web/interfaces/imagemanagerstatic.html]
[kinoar.github.io/rmmv-doc-web/interfaces/inputstatic.html]
[kinoar.github.io/rmmv-doc-web/interfaces/jsonexstatic.html]
[kinoar.github.io/rmmv-doc-web/interfaces/lzstringstatic.html]
[kinoar.github.io/rmmv-doc-web/interfaces/math.html]
[kinoar.github.io/rmmv-doc-web/interfaces/number.html]
[kinoar.github.io/rmmv-doc-web/interfaces/pluginmanagerstatic.html]
[kinoar.github.io/rmmv-doc-web/interfaces/scenemanagerstatic.html]
[kinoar.github.io/rmmv-doc-web/interfaces/soundmanagerstatic.html]
[kinoar.github.io/rmmv-doc-web/interfaces/storagemanagerstatic.html]
[kinoar.github.io/rmmv-doc-web/interfaces/string.html]
[kinoar.github.io/rmmv-doc-web/interfaces/textmanagerstatic.html]
[kinoar.github.io/rmmv-doc-web/interfaces/touchinputstatic.html]
[kinoar.github.io/rmmv-doc-web/interfaces/utilsstatic.html]
[kinoar.github.io/rmmv-doc-web/interfaces/rpg.actor.html]
[kinoar.github.io/rmmv-doc-web/modules/rpg.animation.html]
[kinoar.github.io/rmmv-doc-web/interfaces/rpg.armor.html]
[kinoar.github.io/rmmv-doc-web/interfaces/rpg.class.learning.html]
[kinoar.github.io/rmmv-doc-web/modules/rpg.class.html]
[kinoar.github.io/rmmv-doc-web/interfaces/rpg.commonevent.html]
[kinoar.github.io/rmmv-doc-web/interfaces/rpg.enemy.dropitem.html]
[kinoar.github.io/rmmv-doc-web/modules/rpg.enemy.html]
[kinoar.github.io/rmmv-doc-web/interfaces/rpg.item.html]
[kinoar.github.io/rmmv-doc-web/modules/rpg.map.html]
[kinoar.github.io/rmmv-doc-web/interfaces/rpg.mapinfo.html]
[kinoar.github.io/rmmv-doc-web/interfaces/rpg.skill.html]
[kinoar.github.io/rmmv-doc-web/interfaces/rpg.state.html]
[kinoar.github.io/rmmv-doc-web/interfaces/rpg.system.attackmotion.html]
[kinoar.github.io/rmmv-doc-web/interfaces/rpg.system.terms.html]
[kinoar.github.io/rmmv-doc-web/modules/rpg.system.html]
[kinoar.github.io/rmmv-doc-web/interfaces/rpg.system.testbattler.html]
[kinoar.github.io/rmmv-doc-web/interfaces/rpg.tileset.html]
[kinoar.github.io/rmmv-doc-web/modules/rpg.troop.page.html]
[kinoar.github.io/rmmv-doc-web/interfaces/rpg.troop.member.html]
[kinoar.github.io/rmmv-doc-web/modules/rpg.troop.html]
[kinoar.github.io/rmmv-doc-web/interfaces/rpg.weapon.html]
[kinoar.github.io/rmmv-doc-web/interfaces/rpg.eventcommand.html]
[kinoar.github.io/rmmv-doc-web/interfaces/mv.audioparameters.html]
[kinoar.github.io/rmmv-doc-web/interfaces/mv.battlelogmethod.html]
[kinoar.github.io/rmmv-doc-web/interfaces/mv.battlerewards.html]
[kinoar.github.io/rmmv-doc-web/interfaces/mv.battleranimation.html]
[kinoar.github.io/rmmv-doc-web/interfaces/mv.commanditem.html]
[kinoar.github.io/rmmv-doc-web/interfaces/mv.configdata.html]
[kinoar.github.io/rmmv-doc-web/interfaces/mv.databasefile.html]
[kinoar.github.io/rmmv-doc-web/interfaces/mv.matrix.html]
[kinoar.github.io/rmmv-doc-web/interfaces/mv.motion.html]
[kinoar.github.io/rmmv-doc-web/interfaces/mv.pluginsettings.html]
[kinoar.github.io/rmmv-doc-web/interfaces/mv.savecontents.html]
[kinoar.github.io/rmmv-doc-web/interfaces/mv.savefileinfo.html]
[kinoar.github.io/rmmv-doc-web/interfaces/mv.textstate.html]
[kinoar.github.io/rmmv-doc-web/interfaces/mv.touchinputevents.html]
[kinoar.github.io/rmmv-doc-web/interfaces/rpg.battleeventpage.conditions.html]
[kinoar.github.io/rmmv-doc-web/modules/rpg.battleeventpage.html]
[kinoar.github.io/rmmv-doc-web/interfaces/rpg.eventpage.conditions.html]
[kinoar.github.io/rmmv-doc-web/interfaces/rpg.eventpage.image.html]
[kinoar.github.io/rmmv-doc-web/modules/rpg.eventpage.html]
[kinoar.github.io/rmmv-doc-web/interfaces/rpg.audiofile.html]
[kinoar.github.io/rmmv-doc-web/interfaces/rpg.baseitem.html]
[kinoar.github.io/rmmv-doc-web/interfaces/rpg.damage.html]
[kinoar.github.io/rmmv-doc-web/interfaces/rpg.effect.html]
[kinoar.github.io/rmmv-doc-web/interfaces/rpg.equipitem.html]
[kinoar.github.io/rmmv-doc-web/interfaces/rpg.event.html]
[kinoar.github.io/rmmv-doc-web/interfaces/rpg.metadata.html]
[kinoar.github.io/rmmv-doc-web/interfaces/rpg.movecommand.html]
[kinoar.github.io/rmmv-doc-web/interfaces/rpg.moveroute.html]
[kinoar.github.io/rmmv-doc-web/interfaces/rpg.trait.html]
[kinoar.github.io/rmmv-doc-web/interfaces/rpg.usableitem.html]
[kinoar.github.io/rmmv-doc-web/classes/pixi.glcore.glbuffer.html]
[kinoar.github.io/rmmv-doc-web/classes/pixi.glcore.glframebuffer.html]
[kinoar.github.io/rmmv-doc-web/classes/pixi.glcore.glshader.html]
[kinoar.github.io/rmmv-doc-web/classes/pixi.glcore.gltexture.html]
[kinoar.github.io/rmmv-doc-web/classes/pixi.glcore.vertexarrayobject.html]
[kinoar.github.io/rmmv-doc-web/interfaces/pixi.glcore.attrib.html]
[kinoar.github.io/rmmv-doc-web/interfaces/pixi.glcore.attribstate.html]
[kinoar.github.io/rmmv-doc-web/interfaces/pixi.glcore.contextoptions.html]
[kinoar.github.io/rmmv-doc-web/interfaces/pixi.glcore.webglrenderingcontextattribute.html]
[kinoar.github.io/rmmv-doc-web/classes/pixi.webglstate.html]
[kinoar.github.io/rmmv-doc-web/modules/pixi.glcore.html]
[kinoar.github.io/rmmv-doc-web/modules/pixi.const.html]
[kinoar.github.io/rmmv-doc-web/modules/pixi.canvastinter.html]
[kinoar.github.io/rmmv-doc-web/modules/pixi.groupd8.html]
[kinoar.github.io/rmmv-doc-web/classes/pixi.accessibility.accessibilitymanager.html]
[kinoar.github.io/rmmv-doc-web/modules/pixi.accessibility.html]
[kinoar.github.io/rmmv-doc-web/classes/pixi.loaders.loader.html]
[kinoar.github.io/rmmv-doc-web/classes/pixi.extras.bitmaptext.html]
[kinoar.github.io/rmmv-doc-web/classes/pixi.extras.animatedsprite.html]
[kinoar.github.io/rmmv-doc-web/classes/pixi.particles.particlecontainer.html]
[kinoar.github.io/rmmv-doc-web/classes/pixi.mesh.rope.html]
[kinoar.github.io/rmmv-doc-web/classes/pixi.mesh.mesh.html]
[kinoar.github.io/rmmv-doc-web/modules/pixi.core.html]
[kinoar.github.io/rmmv-doc-web/classes/pixi.extract.canvasextract.html]
[kinoar.github.io/rmmv-doc-web/modules/pixi.extract.html]
[kinoar.github.io/rmmv-doc-web/classes/pixi.extract.webglextract.html]
[kinoar.github.io/rmmv-doc-web/classes/pixi.extras.tilingspriterenderer.html]
[kinoar.github.io/rmmv-doc-web/interfaces/pixi.extras.animatedspritetexturetimeobject.html]
[kinoar.github.io/rmmv-doc-web/interfaces/pixi.extras.bitmaptextstyle.html]
[kinoar.github.io/rmmv-doc-web/modules/pixi.extras.html]
[kinoar.github.io/rmmv-doc-web/classes/pixi.filters.blurfilter.html]
[kinoar.github.io/rmmv-doc-web/classes/pixi.filters.blurxfilter.html]
[kinoar.github.io/rmmv-doc-web/classes/pixi.filters.bluryfilter.html]
[kinoar.github.io/rmmv-doc-web/classes/pixi.filters.displacementfilter.html]
[kinoar.github.io/rmmv-doc-web/classes/pixi.filters.fxaafilter.html]
[kinoar.github.io/rmmv-doc-web/classes/pixi.filters.noisefilter.html]
[kinoar.github.io/rmmv-doc-web/modules/pixi.filters.html]
[kinoar.github.io/rmmv-doc-web/classes/pixi.filters.voidfilter.html]
[kinoar.github.io/rmmv-doc-web/classes/pixi.interaction.interactiondata.html]
[kinoar.github.io/rmmv-doc-web/classes/pixi.interaction.interactionmanager.html]
[kinoar.github.io/rmmv-doc-web/modules/pixi.interaction.html]
[kinoar.github.io/rmmv-doc-web/interfaces/pixi.interaction.interactionmanageroptions.html]
[kinoar.github.io/rmmv-doc-web/classes/pixi.loaders.resource.html]
[kinoar.github.io/rmmv-doc-web/interfaces/pixi.loaders.loaderoptions.html]
[kinoar.github.io/rmmv-doc-web/interfaces/pixi.loaders.resourcedictionary.html]
[kinoar.github.io/rmmv-doc-web/modules/pixi.loaders.html]
[kinoar.github.io/rmmv-doc-web/interfaces/pixi.loaders.texturedictionary.html]
[kinoar.github.io/rmmv-doc-web/classes/pixi.mesh.canvasmeshrenderer.html]
[kinoar.github.io/rmmv-doc-web/classes/pixi.mesh.meshrenderer.html]
[kinoar.github.io/rmmv-doc-web/classes/pixi.mesh.ninesliceplane.html]
[kinoar.github.io/rmmv-doc-web/classes/pixi.mesh.plane.html]
[kinoar.github.io/rmmv-doc-web/modules/pixi.mesh.html]
[kinoar.github.io/rmmv-doc-web/classes/pixi.particles.particlebuffer.html]
[kinoar.github.io/rmmv-doc-web/classes/pixi.particles.particlerenderer.html]
[kinoar.github.io/rmmv-doc-web/interfaces/pixi.particles.particlecontainerproperties.html]
[kinoar.github.io/rmmv-doc-web/interfaces/pixi.particles.particlerendererproperty.html]
[kinoar.github.io/rmmv-doc-web/modules/pixi.particles.html]
[kinoar.github.io/rmmv-doc-web/classes/pixi.prepare.baseprepare.html]
[kinoar.github.io/rmmv-doc-web/classes/pixi.prepare.canvasprepare.html]
[kinoar.github.io/rmmv-doc-web/classes/pixi.prepare.countlimiter.html]
[kinoar.github.io/rmmv-doc-web/classes/pixi.prepare.timelimiter.html]
[kinoar.github.io/rmmv-doc-web/classes/pixi.prepare.webglprepare.html]
[kinoar.github.io/rmmv-doc-web/modules/pixi.prepare.html]
[kinoar.github.io/rmmv-doc-web/modules/pixi.settings.html]
[kinoar.github.io/rmmv-doc-web/classes/pixi.ticker.ticker.html]
[kinoar.github.io/rmmv-doc-web/classes/pixi.ticker.tickerlistener.html]
[kinoar.github.io/rmmv-doc-web/modules/pixi.ticker.html]
[kinoar.github.io/rmmv-doc-web/modules/pixi.utils.ismobile.html]
[kinoar.github.io/rmmv-doc-web/interfaces/pixi.decomposeddatauri.html]
[kinoar.github.io/rmmv-doc-web/modules/pixi.utils.html]
[kinoar.github.io/rmmv-doc-web/classes/pixi.baserendertexture.html]
[kinoar.github.io/rmmv-doc-web/classes/pixi.videobasetexture.html]
[kinoar.github.io/rmmv-doc-web/classes/pixi.basetexture.html]
[kinoar.github.io/rmmv-doc-web/interfaces/rpg.enemy.action.html]
[kinoar.github.io/rmmv-doc-web/interfaces/rpg.map.encounter.html]
[kinoar.github.io/rmmv-doc-web/interfaces/rpg.system.vehicle.html]
[kinoar.github.io/rmmv-doc-web/classes/pixi.point.html]
[kinoar.github.io/rmmv-doc-web/classes/pixi.pointlike.html]
[kinoar.github.io/rmmv-doc-web/classes/pixi.rectangle.html]
[kinoar.github.io/rmmv-doc-web/classes/pixi.text.html]
[kinoar.github.io/rmmv-doc-web/interfaces/pixi.interaction.interactivetarget.html]
[kinoar.github.io/rmmv-doc-web/interfaces/pixi.accessibility.accessibletarget.html]
[kinoar.github.io/rmmv-doc-web/classes/pixi.utils.eventemitter.html]
[kinoar.github.io/rmmv-doc-web/classes/pixi.transform.html]
[kinoar.github.io/rmmv-doc-web/classes/pixi.bounds.html]
[kinoar.github.io/rmmv-doc-web/classes/pixi.displayobject.html]
[kinoar.github.io/rmmv-doc-web/classes/pixi.spritemaskfilter.html]
[kinoar.github.io/rmmv-doc-web/classes/pixi.filter.html]
[kinoar.github.io/rmmv-doc-web/classes/pixi.graphicsdata.html]
[kinoar.github.io/rmmv-doc-web/classes/pixi.graphics.html]
[kinoar.github.io/rmmv-doc-web/classes/pixi.sprite.html]
[kinoar.github.io/rmmv-doc-web/classes/pixi.container.html]
[kinoar.github.io/rmmv-doc-web/classes/pixi.circle.html]
[kinoar.github.io/rmmv-doc-web/classes/pixi.ellipse.html]
[kinoar.github.io/rmmv-doc-web/classes/pixi.polygon.html]
[kinoar.github.io/rmmv-doc-web/classes/pixi.roundedrectangle.html]
[kinoar.github.io/rmmv-doc-web/classes/pixi.matrix.html]
[kinoar.github.io/rmmv-doc-web/classes/pixi.observablepoint.html]
[kinoar.github.io/rmmv-doc-web/classes/pixi.transformbase.html]
[kinoar.github.io/rmmv-doc-web/interfaces/pixi.webglrendereroptions.html]
[kinoar.github.io/rmmv-doc-web/classes/pixi.shader.html]
[kinoar.github.io/rmmv-doc-web/classes/pixi.objectrenderer.html]
[kinoar.github.io/rmmv-doc-web/classes/pixi.maskmanager.html]
[kinoar.github.io/rmmv-doc-web/interfaces/pixi.rendereroptions.html]
[kinoar.github.io/rmmv-doc-web/classes/pixi.stencilmanager.html]
[kinoar.github.io/rmmv-doc-web/classes/pixi.texturegarbagecollector.html]
[kinoar.github.io/rmmv-doc-web/classes/pixi.texturemanager.html]
[kinoar.github.io/rmmv-doc-web/classes/pixi.rendertexture.html]
[kinoar.github.io/rmmv-doc-web/classes/pixi.webglrenderer.html]
[kinoar.github.io/rmmv-doc-web/classes/pixi.canvasmaskmanager.html]
[kinoar.github.io/rmmv-doc-web/classes/pixi.canvasrenderer.html]
[kinoar.github.io/rmmv-doc-web/interfaces/pixi.interaction.interactionevent.html]
[kinoar.github.io/rmmv-doc-web/interfaces/pixi.destroyoptions.html]
[kinoar.github.io/rmmv-doc-web/interfaces/pixi.interaction.interactiontrackingdata.html]
[kinoar.github.io/rmmv-doc-web/classes/pixi.textureuvs.html]
[kinoar.github.io/rmmv-doc-web/classes/pixi.texture.html]
[kinoar.github.io/rmmv-doc-web/classes/pixi.systemrenderer.html]
[kinoar.github.io/rmmv-doc-web/interfaces/rpg.animation.timing.html]
[kinoar.github.io/rmmv-doc-web/classes/pixi.extras.tilingsprite.html]
[kinoar.github.io/rmmv-doc-web/classes/pixi.transformstatic.html]
[kinoar.github.io/rmmv-doc-web/classes/pixi.extras.texturetransform.html]
[kinoar.github.io/rmmv-doc-web/classes/pixi.filters.colormatrixfilter.html]
[kinoar.github.io/rmmv-doc-web/interfaces/pixi.uniformdata.html]
[kinoar.github.io/rmmv-doc-web/classes/pixi.webglmanager.html]
[kinoar.github.io/rmmv-doc-web/classes/pixi.quad.html]
[kinoar.github.io/rmmv-doc-web/interfaces/pixi.filtermanagerstackitem.html]
[kinoar.github.io/rmmv-doc-web/classes/pixi.filtermanager.html]
[kinoar.github.io/rmmv-doc-web/interfaces/pixi.filterdatastackitem.html]
[kinoar.github.io/rmmv-doc-web/classes/pixi.rendertarget.html]
[kinoar.github.io/rmmv-doc-web/interfaces/rpg.class.learning.html]
[kinoar.github.io/rmmv-doc-web/interfaces/rpg.enemy.dropitem.html]
[kinoar.github.io/rmmv-doc-web/interfaces/rpg.system.attackmotion.html]
[kinoar.github.io/rmmv-doc-web/interfaces/rpg.system.terms.html]
[kinoar.github.io/rmmv-doc-web/interfaces/rpg.system.testbattler.html]
[kinoar.github.io/rmmv-doc-web/interfaces/rpg.troop.page.condition.html]
[kinoar.github.io/rmmv-doc-web/modules/rpg.troop.page.html]
[kinoar.github.io/rmmv-doc-web/interfaces/rpg.troop.member.html]
[kinoar.github.io/rmmv-doc-web/interfaces/rpg.battleeventpage.conditions.html]
[kinoar.github.io/rmmv-doc-web/interfaces/rpg.eventpage.conditions.html]
[kinoar.github.io/rmmv-doc-web/interfaces/rpg.eventpage.image.html]
[kinoar.github.io/rmmv-doc-web/classes/pixi.glcore.glbuffer.html]
[kinoar.github.io/rmmv-doc-web/classes/pixi.glcore.glframebuffer.html]
[kinoar.github.io/rmmv-doc-web/classes/pixi.primitiveshader.html]
[kinoar.github.io/rmmv-doc-web/classes/pixi.glcore.glshader.html]
[kinoar.github.io/rmmv-doc-web/classes/pixi.glcore.gltexture.html]
[kinoar.github.io/rmmv-doc-web/classes/pixi.glcore.vertexarrayobject.html]
[kinoar.github.io/rmmv-doc-web/interfaces/pixi.glcore.attrib.html]
[kinoar.github.io/rmmv-doc-web/interfaces/pixi.glcore.attribstate.html]
[kinoar.github.io/rmmv-doc-web/interfaces/pixi.glcore.contextoptions.html]
[kinoar.github.io/rmmv-doc-web/interfaces/pixi.glcore.webglrenderingcontextattribute.html]
[kinoar.github.io/rmmv-doc-web/classes/pixi.webglstate.html]
[kinoar.github.io/rmmv-doc-web/interfaces/pixi.hitarea.html]
[kinoar.github.io/rmmv-doc-web/classes/pixi.accessibility.accessibilitymanager.html]
[kinoar.github.io/rmmv-doc-web/classes/pixi.minisignal.html]
[kinoar.github.io/rmmv-doc-web/classes/pixi.loaders.loader.html]
[kinoar.github.io/rmmv-doc-web/classes/pixi.extras.bitmaptext.html]
[kinoar.github.io/rmmv-doc-web/classes/pixi.extras.animatedsprite.html]
[kinoar.github.io/rmmv-doc-web/classes/pixi.particles.particlecontainer.html]
[kinoar.github.io/rmmv-doc-web/classes/pixi.mesh.rope.html]
[kinoar.github.io/rmmv-doc-web/classes/pixi.mesh.mesh.html]
[kinoar.github.io/rmmv-doc-web/classes/pixi.extract.canvasextract.html]
[kinoar.github.io/rmmv-doc-web/classes/pixi.extract.webglextract.html]
[kinoar.github.io/rmmv-doc-web/classes/pixi.extras.tilingspriterenderer.html]
[kinoar.github.io/rmmv-doc-web/interfaces/pixi.extras.animatedspritetexturetimeobject.html]
[kinoar.github.io/rmmv-doc-web/interfaces/pixi.extras.bitmaptextstyle.html]
[kinoar.github.io/rmmv-doc-web/classes/pixi.filters.blurfilter.html]
[kinoar.github.io/rmmv-doc-web/classes/pixi.filters.blurxfilter.html]
[kinoar.github.io/rmmv-doc-web/classes/pixi.filters.bluryfilter.html]
[kinoar.github.io/rmmv-doc-web/classes/pixi.filters.displacementfilter.html]
[kinoar.github.io/rmmv-doc-web/classes/pixi.filters.fxaafilter.html]
[kinoar.github.io/rmmv-doc-web/classes/pixi.filters.noisefilter.html]
[kinoar.github.io/rmmv-doc-web/classes/pixi.filters.voidfilter.html]
[kinoar.github.io/rmmv-doc-web/classes/pixi.interaction.interactiondata.html]
[kinoar.github.io/rmmv-doc-web/classes/pixi.interaction.interactionmanager.html]
[kinoar.github.io/rmmv-doc-web/interfaces/pixi.interaction.interactionmanageroptions.html]
[kinoar.github.io/rmmv-doc-web/classes/pixi.loaders.resource.html]
[kinoar.github.io/rmmv-doc-web/interfaces/pixi.loaders.loaderoptions.html]
[kinoar.github.io/rmmv-doc-web/interfaces/pixi.loaders.resourcedictionary.html]
[kinoar.github.io/rmmv-doc-web/interfaces/pixi.loaders.texturedictionary.html]
[kinoar.github.io/rmmv-doc-web/classes/pixi.mesh.canvasmeshrenderer.html]
[kinoar.github.io/rmmv-doc-web/classes/pixi.mesh.meshrenderer.html]
[kinoar.github.io/rmmv-doc-web/classes/pixi.mesh.ninesliceplane.html]
[kinoar.github.io/rmmv-doc-web/classes/pixi.mesh.plane.html]
[kinoar.github.io/rmmv-doc-web/classes/pixi.particles.particlebuffer.html]
[kinoar.github.io/rmmv-doc-web/classes/pixi.particles.particlerenderer.html]
[kinoar.github.io/rmmv-doc-web/interfaces/pixi.particles.particlecontainerproperties.html]
[kinoar.github.io/rmmv-doc-web/interfaces/pixi.particles.particlerendererproperty.html]
[kinoar.github.io/rmmv-doc-web/classes/pixi.prepare.baseprepare.html]
[kinoar.github.io/rmmv-doc-web/classes/pixi.prepare.canvasprepare.html]
[kinoar.github.io/rmmv-doc-web/classes/pixi.prepare.countlimiter.html]
[kinoar.github.io/rmmv-doc-web/classes/pixi.prepare.timelimiter.html]
[kinoar.github.io/rmmv-doc-web/classes/pixi.prepare.webglprepare.html]
[kinoar.github.io/rmmv-doc-web/classes/pixi.ticker.ticker.html]
[kinoar.github.io/rmmv-doc-web/classes/pixi.ticker.tickerlistener.html]
[kinoar.github.io/rmmv-doc-web/modules/pixi.utils.ismobile.html]
[kinoar.github.io/rmmv-doc-web/interfaces/pixi.decomposeddatauri.html]
[kinoar.github.io/rmmv-doc-web/classes/pixi.baserendertexture.html]
[kinoar.github.io/rmmv-doc-web/classes/pixi.videobasetexture.html]
[kinoar.github.io/rmmv-doc-web/interfaces/pixi.textstyleoptions.html]
[kinoar.github.io/rmmv-doc-web/classes/pixi.textstyle.html]
[kinoar.github.io/rmmv-doc-web/classes/pixi.text.html]
[kinoar.github.io/rmmv-doc-web/classes/pixi.transform.html]
[kinoar.github.io/rmmv-doc-web/classes/pixi.spritemaskfilter.html]
[kinoar.github.io/rmmv-doc-web/classes/pixi.graphicsdata.html]
[kinoar.github.io/rmmv-doc-web/interfaces/pixi.webglrendereroptions.html]
[kinoar.github.io/rmmv-doc-web/classes/pixi.shader.html]
[kinoar.github.io/rmmv-doc-web/classes/pixi.graphicsrenderer.html]
[kinoar.github.io/rmmv-doc-web/classes/pixi.spriterenderer.html]
[kinoar.github.io/rmmv-doc-web/classes/pixi.canvasspriterenderer.html]
[kinoar.github.io/rmmv-doc-web/classes/pixi.objectrenderer.html]
[kinoar.github.io/rmmv-doc-web/classes/pixi.maskmanager.html]
[kinoar.github.io/rmmv-doc-web/interfaces/pixi.applicationoptions.html]
[kinoar.github.io/rmmv-doc-web/interfaces/pixi.rendereroptions.html]
[kinoar.github.io/rmmv-doc-web/classes/pixi.stencilmanager.html]
[kinoar.github.io/rmmv-doc-web/classes/pixi.texturegarbagecollector.html]
[kinoar.github.io/rmmv-doc-web/classes/pixi.texturemanager.html]
[kinoar.github.io/rmmv-doc-web/classes/pixi.rendertexture.html]
[kinoar.github.io/rmmv-doc-web/classes/pixi.canvasmaskmanager.html]
[kinoar.github.io/rmmv-doc-web/classes/pixi.textureuvs.html]
[kinoar.github.io/rmmv-doc-web/classes/pixi.blendmodemanager.html]
[kinoar.github.io/rmmv-doc-web/classes/pixi.webglmanager.html]
[kinoar.github.io/rmmv-doc-web/classes/pixi.quad.html]
[kinoar.github.io/rmmv-doc-web/interfaces/pixi.filtermanagerstackitem.html]
[kinoar.github.io/rmmv-doc-web/interfaces/pixi.filterdatastackitem.html]
[kinoar.github.io/rmmv-doc-web/interfaces/rpg.troop.page.condition.html]
[kinoar.github.io/rmmv-doc-web/classes/pixi.primitiveshader.html]
[kinoar.github.io/rmmv-doc-web/interfaces/pixi.hitarea.html]
[kinoar.github.io/rmmv-doc-web/classes/pixi.minisignalbinding.html]
[kinoar.github.io/rmmv-doc-web/classes/pixi.minisignal.html]
[kinoar.github.io/rmmv-doc-web/interfaces/pixi.textstyleoptions.html]
[kinoar.github.io/rmmv-doc-web/classes/pixi.textstyle.html]
[kinoar.github.io/rmmv-doc-web/classes/pixi.webglgraphicsdata.html]
[kinoar.github.io/rmmv-doc-web/classes/pixi.graphicsrenderer.html]
[kinoar.github.io/rmmv-doc-web/classes/pixi.batchbuffer.html]
[kinoar.github.io/rmmv-doc-web/classes/pixi.spriterenderer.html]
[kinoar.github.io/rmmv-doc-web/classes/pixi.canvasspriterenderer.html]
[kinoar.github.io/rmmv-doc-web/interfaces/pixi.applicationoptions.html]
[kinoar.github.io/rmmv-doc-web/classes/pixi.blendmodemanager.html]
[kinoar.github.io/rmmv-doc-web/classes/pixi.minisignalbinding.html]
[kinoar.github.io/rmmv-doc-web/classes/pixi.webglgraphicsdata.html]
[kinoar.github.io/rmmv-doc-web/classes/pixi.batchbuffer.html]
